---
http_interactions:
- request:
    method: post
    uri: https://api.sandbox.mangopay.com/v2.01/qwerteachrails/users/natural
    body:
      encoding: UTF-8
      string: '{"CountryOfResidence":"AL","Nationality":"KI","Address":{"AddressLine1":"Klein
        Village","AddressLine2":"09657","PostalCode":"OJ3 2XQ","City":"North Lindsay","Region":"West
        Virginia","Country":"CH"},"FirstName":"Eldon","LastName":"Bernier","Birthday":685299600,"Email":"rashawn_nicolas@gleichner.ca","PersonType":"NATURAL","Tag":"user
        5"}'
    headers:
      User-Agent:
      - Ruby
      Authorization:
      - Bearer f8c8004a898f4e7da919032d45bd2313
      Content-Type:
      - application/json
      X-Mangopay-Client-User-Agent:
      - '{"bindings_version":"3.0.21","lang":"ruby","lang_version":"2.2.4 p230 (2015-12-16)","platform":"x86_64-linux","uname":"Linux
        shredder-pc 4.4.0-36-generic #55-Ubuntu SMP Thu Aug 11 18:01:55 UTC 2016 x86_64
        x86_64 x86_64 GNU/Linux"}'
      Accept-Encoding:
      - gzip;q=1.0,deflate;q=0.6,identity;q=0.3
      Accept:
      - "*/*"
  response:
    status:
      code: 200
      message: OK
    headers:
      Cache-Control:
      - no-cache
      Pragma:
      - no-cache
      Content-Type:
      - application/json; charset=utf-8
      Expires:
      - "-1"
      Server:
      - Leetchi
      X-Ratelimit:
      - '155'
      - '156'
      - '156'
      - '156'
      X-Ratelimit-Remaining:
      - '105444'
      - '2145'
      - '4344'
      - '8644'
      X-Ratelimit-Reset:
      - '1474392720'
      - '1474393620'
      - '1474395420'
      - '1474478160'
      Date:
      - Tue, 20 Sep 2016 17:17:46 GMT
      Content-Length:
      - '480'
    body:
      encoding: UTF-8
      string: '{"Address":{"AddressLine1":"Klein Village","AddressLine2":"09657","City":"North
        Lindsay","Region":"West Virginia","PostalCode":"OJ3 2XQ","Country":"CH"},"FirstName":"Eldon","LastName":"Bernier","Birthday":685299600,"Nationality":"KI","CountryOfResidence":"AL","Occupation":null,"IncomeRange":null,"ProofOfIdentity":null,"ProofOfAddress":null,"PersonType":"NATURAL","Email":"rashawn_nicolas@gleichner.ca","KYCLevel":"LIGHT","Id":"16234892","Tag":"user
        5","CreationDate":1474391865}'
    http_version: 
  recorded_at: Tue, 20 Sep 2016 17:17:46 GMT
- request:
    method: post
    uri: https://api.sandbox.mangopay.com/v2.01/qwerteachrails/wallets
    body:
      encoding: UTF-8
      string: '{"Owners":[16234892],"Currency":"EUR","Description":"wallet user 5"}'
    headers:
      User-Agent:
      - Ruby
      Authorization:
      - Bearer f8c8004a898f4e7da919032d45bd2313
      Content-Type:
      - application/json
      X-Mangopay-Client-User-Agent:
      - '{"bindings_version":"3.0.21","lang":"ruby","lang_version":"2.2.4 p230 (2015-12-16)","platform":"x86_64-linux","uname":"Linux
        shredder-pc 4.4.0-36-generic #55-Ubuntu SMP Thu Aug 11 18:01:55 UTC 2016 x86_64
        x86_64 x86_64 GNU/Linux"}'
      Accept-Encoding:
      - gzip;q=1.0,deflate;q=0.6,identity;q=0.3
      Accept:
      - "*/*"
  response:
    status:
      code: 200
      message: OK
    headers:
      Cache-Control:
      - no-cache
      Pragma:
      - no-cache
      Content-Type:
      - application/json; charset=utf-8
      Expires:
      - "-1"
      Server:
      - Leetchi
      X-Ratelimit:
      - '156'
      - '157'
      - '157'
      - '157'
      X-Ratelimit-Remaining:
      - '105443'
      - '2144'
      - '4343'
      - '8643'
      X-Ratelimit-Reset:
      - '1474392720'
      - '1474393620'
      - '1474395420'
      - '1474478160'
      Date:
      - Tue, 20 Sep 2016 17:17:46 GMT
      Content-Length:
      - '185'
    body:
      encoding: UTF-8
      string: '{"Description":"wallet user 5","Owners":["16234892"],"Balance":{"Currency":"EUR","Amount":0},"Currency":"EUR","FundsType":"DEFAULT","Id":"16234893","Tag":null,"CreationDate":1474391867}'
    http_version: 
  recorded_at: Tue, 20 Sep 2016 17:17:47 GMT
- request:
    method: post
    uri: https://api.sandbox.mangopay.com/v2.01/qwerteachrails/wallets
    body:
      encoding: UTF-8
      string: '{"Owners":[16234892],"Currency":"EUR","Description":"wallet bonus 5","Tag":"Bonus"}'
    headers:
      User-Agent:
      - Ruby
      Authorization:
      - Bearer f8c8004a898f4e7da919032d45bd2313
      Content-Type:
      - application/json
      X-Mangopay-Client-User-Agent:
      - '{"bindings_version":"3.0.21","lang":"ruby","lang_version":"2.2.4 p230 (2015-12-16)","platform":"x86_64-linux","uname":"Linux
        shredder-pc 4.4.0-36-generic #55-Ubuntu SMP Thu Aug 11 18:01:55 UTC 2016 x86_64
        x86_64 x86_64 GNU/Linux"}'
      Accept-Encoding:
      - gzip;q=1.0,deflate;q=0.6,identity;q=0.3
      Accept:
      - "*/*"
  response:
    status:
      code: 200
      message: OK
    headers:
      Cache-Control:
      - no-cache
      Pragma:
      - no-cache
      Content-Type:
      - application/json; charset=utf-8
      Expires:
      - "-1"
      Server:
      - Leetchi
      X-Ratelimit:
      - '157'
      - '158'
      - '158'
      - '158'
      X-Ratelimit-Remaining:
      - '105442'
      - '2143'
      - '4342'
      - '8642'
      X-Ratelimit-Reset:
      - '1474392720'
      - '1474393620'
      - '1474395420'
      - '1474478160'
      Date:
      - Tue, 20 Sep 2016 17:17:46 GMT
      Content-Length:
      - '189'
    body:
      encoding: UTF-8
      string: '{"Description":"wallet bonus 5","Owners":["16234892"],"Balance":{"Currency":"EUR","Amount":0},"Currency":"EUR","FundsType":"DEFAULT","Id":"16234894","Tag":"Bonus","CreationDate":1474391867}'
    http_version: 
  recorded_at: Tue, 20 Sep 2016 17:17:47 GMT
- request:
    method: post
    uri: https://api.sandbox.mangopay.com/v2.01/qwerteachrails/wallets
    body:
      encoding: UTF-8
      string: '{"Owners":[16234892],"Currency":"EUR","Description":"wallet transfert
        5","Tag":"Transfert"}'
    headers:
      User-Agent:
      - Ruby
      Authorization:
      - Bearer f8c8004a898f4e7da919032d45bd2313
      Content-Type:
      - application/json
      X-Mangopay-Client-User-Agent:
      - '{"bindings_version":"3.0.21","lang":"ruby","lang_version":"2.2.4 p230 (2015-12-16)","platform":"x86_64-linux","uname":"Linux
        shredder-pc 4.4.0-36-generic #55-Ubuntu SMP Thu Aug 11 18:01:55 UTC 2016 x86_64
        x86_64 x86_64 GNU/Linux"}'
      Accept-Encoding:
      - gzip;q=1.0,deflate;q=0.6,identity;q=0.3
      Accept:
      - "*/*"
  response:
    status:
      code: 200
      message: OK
    headers:
      Cache-Control:
      - no-cache
      Pragma:
      - no-cache
      Content-Type:
      - application/json; charset=utf-8
      Expires:
      - "-1"
      Server:
      - Leetchi
      X-Ratelimit:
      - '158'
      - '159'
      - '159'
      - '159'
      X-Ratelimit-Remaining:
      - '105441'
      - '2142'
      - '4341'
      - '8641'
      X-Ratelimit-Reset:
      - '1474392720'
      - '1474393620'
      - '1474395420'
      - '1474478160'
      Date:
      - Tue, 20 Sep 2016 17:17:47 GMT
      Content-Length:
      - '197'
    body:
      encoding: UTF-8
      string: '{"Description":"wallet transfert 5","Owners":["16234892"],"Balance":{"Currency":"EUR","Amount":0},"Currency":"EUR","FundsType":"DEFAULT","Id":"16234895","Tag":"Transfert","CreationDate":1474391868}'
    http_version: 
  recorded_at: Tue, 20 Sep 2016 17:17:48 GMT
- request:
    method: get
    uri: https://api.sandbox.mangopay.com/v2.01/qwerteachrails/users/16234892/cards?per_page=100&sort=CreationDate:desc
    body:
      encoding: UTF-8
      string: "{}"
    headers:
      User-Agent:
      - Ruby
      Authorization:
      - Bearer f8c8004a898f4e7da919032d45bd2313
      Content-Type:
      - application/json
      X-Mangopay-Client-User-Agent:
      - '{"bindings_version":"3.0.21","lang":"ruby","lang_version":"2.2.4 p230 (2015-12-16)","platform":"x86_64-linux","uname":"Linux
        shredder-pc 4.4.0-36-generic #55-Ubuntu SMP Thu Aug 11 18:01:55 UTC 2016 x86_64
        x86_64 x86_64 GNU/Linux"}'
      Accept-Encoding:
      - gzip;q=1.0,deflate;q=0.6,identity;q=0.3
      Accept:
      - "*/*"
  response:
    status:
      code: 200
      message: OK
    headers:
      Cache-Control:
      - no-cache
      Pragma:
      - no-cache
      Content-Type:
      - application/json; charset=utf-8
      Expires:
      - "-1"
      Server:
      - Leetchi
      Link:
      - <https://api.sandbox.mangopay.com/v2.01/qwerteachrails/users/16234892/cards?sort=CreationDate%3adesc&per_page=100&page=1>;
        rel="first",<https://api.sandbox.mangopay.com/v2.01/qwerteachrails/users/16234892/cards?sort=CreationDate%3adesc&per_page=100&page=1>;
        rel="last"
      X-Number-Of-Pages:
      - '1'
      X-Number-Of-Items:
      - '0'
      X-Ratelimit:
      - '159'
      - '160'
      - '160'
      - '160'
      X-Ratelimit-Remaining:
      - '105440'
      - '2141'
      - '4340'
      - '8640'
      X-Ratelimit-Reset:
      - '1474392720'
      - '1474393620'
      - '1474395420'
      - '1474478160'
      Date:
      - Tue, 20 Sep 2016 17:17:47 GMT
      Content-Length:
      - '2'
    body:
      encoding: UTF-8
      string: "[]"
    http_version: 
  recorded_at: Tue, 20 Sep 2016 17:17:48 GMT
- request:
    method: post
    uri: https://api.sandbox.mangopay.com/v2.01/qwerteachrails/cardregistrations
    body:
      encoding: UTF-8
      string: '{"UserId":16234892,"Currency":"EUR","CardType":"CB_VISA_MASTERCARD"}'
    headers:
      User-Agent:
      - Ruby
      Authorization:
      - Bearer f8c8004a898f4e7da919032d45bd2313
      Content-Type:
      - application/json
      X-Mangopay-Client-User-Agent:
      - '{"bindings_version":"3.0.21","lang":"ruby","lang_version":"2.2.4 p230 (2015-12-16)","platform":"x86_64-linux","uname":"Linux
        shredder-pc 4.4.0-36-generic #55-Ubuntu SMP Thu Aug 11 18:01:55 UTC 2016 x86_64
        x86_64 x86_64 GNU/Linux"}'
      Accept-Encoding:
      - gzip;q=1.0,deflate;q=0.6,identity;q=0.3
      Accept:
      - "*/*"
  response:
    status:
      code: 200
      message: OK
    headers:
      Cache-Control:
      - no-cache
      Pragma:
      - no-cache
      Content-Type:
      - application/json; charset=utf-8
      Expires:
      - "-1"
      Server:
      - Leetchi
      X-Ratelimit:
      - '160'
      - '161'
      - '161'
      - '161'
      X-Ratelimit-Remaining:
      - '105439'
      - '2140'
      - '4339'
      - '8639'
      X-Ratelimit-Reset:
      - '1474392720'
      - '1474393620'
      - '1474395420'
      - '1474478160'
      Date:
      - Tue, 20 Sep 2016 17:17:48 GMT
      Content-Length:
      - '453'
    body:
      encoding: UTF-8
      string: '{"Id":"16234896","Tag":null,"CreationDate":1474391869,"UserId":"16234892","AccessKey":"1X0m87dmM2LiwFgxPLBJ","PreregistrationData":"YkgVxL1yNY4ZOfKtqEew_R9QTcn9YjCnlOPOwSNUtxMYo9s_SJ172175UNbTP18zS4wCy-yiraxeE65tmxOe8A","RegistrationData":null,"CardId":null,"CardType":"CB_VISA_MASTERCARD","CardRegistrationURL":"https://homologation-webpayment.payline.com/webpayment/getToken","ResultCode":null,"ResultMessage":null,"Currency":"EUR","Status":"CREATED"}'
    http_version: 
  recorded_at: Tue, 20 Sep 2016 17:17:49 GMT
- request:
    method: post
    uri: https://homologation-webpayment.payline.com/webpayment/getToken
    body:
      encoding: US-ASCII
      string: accessKeyRef=1X0m87dmM2LiwFgxPLBJ&cardNumber=4706750000000017&cardExpirationDate=1016&cardCvx=131&data=YkgVxL1yNY4ZOfKtqEew_R9QTcn9YjCnlOPOwSNUtxMYo9s_SJ172175UNbTP18zS4wCy-yiraxeE65tmxOe8A
    headers:
      Accept-Encoding:
      - gzip;q=1.0,deflate;q=0.6,identity;q=0.3
      Accept:
      - "*/*"
      User-Agent:
      - Ruby
      Host:
      - homologation-webpayment.payline.com
      Content-Type:
      - application/x-www-form-urlencoded
  response:
    status:
      code: 200
      message: OK
    headers:
      Date:
      - Tue, 20 Sep 2016 17:17:49 GMT
      Set-Cookie:
      - JSESSIONID=ACC71F71CF5251BC3A037DC499F749E1; Path=/; Secure; HttpOnly
      Access-Control-Allow-Origin:
      - "*"
      Content-Length:
      - '155'
      Vary:
      - Accept-Encoding,User-Agent
      Content-Type:
      - text/plain; charset=UTF-8
    body:
      encoding: UTF-8
      string: data=5RSy5qslgAQ7I5fkw79Lp9AiG8hKppzWw2uEMVemGxUPPnJ49ty7xZxuw4ptn9bBwkL3hxn81Cp6XQDw9cGx0KXZrbNsg-3Jn48GsDkG6LJ688XjL1RDox6bFTSwXzmdUoINGFMwFeoma55Nj5_j4g
    http_version: 
  recorded_at: Tue, 20 Sep 2016 17:17:50 GMT
- request:
    method: put
    uri: https://api.sandbox.mangopay.com/v2.01/qwerteachrails/cardregistrations/16234896
    body:
      encoding: UTF-8
      string: '{"RegistrationData":"data=data=5RSy5qslgAQ7I5fkw79Lp9AiG8hKppzWw2uEMVemGxUPPnJ49ty7xZxuw4ptn9bBwkL3hxn81Cp6XQDw9cGx0KXZrbNsg-3Jn48GsDkG6LJ688XjL1RDox6bFTSwXzmdUoINGFMwFeoma55Nj5_j4g"}'
    headers:
      User-Agent:
      - Ruby
      Authorization:
      - Bearer f8c8004a898f4e7da919032d45bd2313
      Content-Type:
      - application/json
      X-Mangopay-Client-User-Agent:
      - '{"bindings_version":"3.0.21","lang":"ruby","lang_version":"2.2.4 p230 (2015-12-16)","platform":"x86_64-linux","uname":"Linux
        shredder-pc 4.4.0-36-generic #55-Ubuntu SMP Thu Aug 11 18:01:55 UTC 2016 x86_64
        x86_64 x86_64 GNU/Linux"}'
      Accept-Encoding:
      - gzip;q=1.0,deflate;q=0.6,identity;q=0.3
      Accept:
      - "*/*"
  response:
    status:
      code: 200
      message: OK
    headers:
      Cache-Control:
      - no-cache
      Pragma:
      - no-cache
      Content-Type:
      - application/json; charset=utf-8
      Expires:
      - "-1"
      Server:
      - Leetchi
      X-Ratelimit:
      - '161'
      - '162'
      - '162'
      - '162'
      X-Ratelimit-Remaining:
      - '105438'
      - '2139'
      - '4338'
      - '8638'
      X-Ratelimit-Reset:
      - '1474392720'
      - '1474393620'
      - '1474395420'
      - '1474478160'
      Date:
      - Tue, 20 Sep 2016 17:17:50 GMT
      Content-Length:
      - '628'
    body:
      encoding: UTF-8
      string: '{"Id":"16234896","Tag":null,"CreationDate":1474391869,"UserId":"16234892","AccessKey":"1X0m87dmM2LiwFgxPLBJ","PreregistrationData":"YkgVxL1yNY4ZOfKtqEew_R9QTcn9YjCnlOPOwSNUtxMYo9s_SJ172175UNbTP18zS4wCy-yiraxeE65tmxOe8A","RegistrationData":"data=data=5RSy5qslgAQ7I5fkw79Lp9AiG8hKppzWw2uEMVemGxUPPnJ49ty7xZxuw4ptn9bBwkL3hxn81Cp6XQDw9cGx0KXZrbNsg-3Jn48GsDkG6LJ688XjL1RDox6bFTSwXzmdUoINGFMwFeoma55Nj5_j4g","CardId":"16234897","CardType":"CB_VISA_MASTERCARD","CardRegistrationURL":"https://homologation-webpayment.payline.com/webpayment/getToken","ResultCode":"000000","ResultMessage":"Success","Currency":"EUR","Status":"VALIDATED"}'
    http_version: 
  recorded_at: Tue, 20 Sep 2016 17:17:50 GMT
- request:
    method: get
    uri: https://api.sandbox.mangopay.com/v2.01/qwerteachrails/users/16234892/wallets
    body:
      encoding: UTF-8
      string: "{}"
    headers:
      User-Agent:
      - Ruby
      Authorization:
      - Bearer f8c8004a898f4e7da919032d45bd2313
      Content-Type:
      - application/json
      X-Mangopay-Client-User-Agent:
      - '{"bindings_version":"3.0.21","lang":"ruby","lang_version":"2.2.4 p230 (2015-12-16)","platform":"x86_64-linux","uname":"Linux
        shredder-pc 4.4.0-36-generic #55-Ubuntu SMP Thu Aug 11 18:01:55 UTC 2016 x86_64
        x86_64 x86_64 GNU/Linux"}'
      Accept-Encoding:
      - gzip;q=1.0,deflate;q=0.6,identity;q=0.3
      Accept:
      - "*/*"
  response:
    status:
      code: 200
      message: OK
    headers:
      Cache-Control:
      - no-cache
      Pragma:
      - no-cache
      Content-Type:
      - application/json; charset=utf-8
      Expires:
      - "-1"
      Server:
      - Leetchi
      Link:
      - <https://api.sandbox.mangopay.com/v2.01/qwerteachrails/users/16234892/wallets?page=1&per_page=10>;
        rel="first",<https://api.sandbox.mangopay.com/v2.01/qwerteachrails/users/16234892/wallets?page=1&per_page=10>;
        rel="last"
      X-Number-Of-Pages:
      - '1'
      X-Number-Of-Items:
      - '3'
      X-Ratelimit:
      - '162'
      - '163'
      - '163'
      - '163'
      X-Ratelimit-Remaining:
      - '105437'
      - '2138'
      - '4337'
      - '8637'
      X-Ratelimit-Reset:
      - '1474392720'
      - '1474393620'
      - '1474395420'
      - '1474478160'
      Date:
      - Tue, 20 Sep 2016 17:17:50 GMT
      Content-Length:
      - '575'
    body:
      encoding: UTF-8
      string: '[{"Description":"wallet user 5","Owners":["16234892"],"Balance":{"Currency":"EUR","Amount":0},"Currency":"EUR","FundsType":"DEFAULT","Id":"16234893","Tag":null,"CreationDate":1474391867},{"Description":"wallet
        bonus 5","Owners":["16234892"],"Balance":{"Currency":"EUR","Amount":0},"Currency":"EUR","FundsType":"DEFAULT","Id":"16234894","Tag":"Bonus","CreationDate":1474391867},{"Description":"wallet
        transfert 5","Owners":["16234892"],"Balance":{"Currency":"EUR","Amount":0},"Currency":"EUR","FundsType":"DEFAULT","Id":"16234895","Tag":"Transfert","CreationDate":1474391868}]'
    http_version: 
  recorded_at: Tue, 20 Sep 2016 17:17:51 GMT
- request:
    method: get
    uri: https://api.sandbox.mangopay.com/v2.01/qwerteachrails/cards/16234897
    body:
      encoding: UTF-8
      string: "{}"
    headers:
      User-Agent:
      - Ruby
      Authorization:
      - Bearer f8c8004a898f4e7da919032d45bd2313
      Content-Type:
      - application/json
      X-Mangopay-Client-User-Agent:
      - '{"bindings_version":"3.0.21","lang":"ruby","lang_version":"2.2.4 p230 (2015-12-16)","platform":"x86_64-linux","uname":"Linux
        shredder-pc 4.4.0-36-generic #55-Ubuntu SMP Thu Aug 11 18:01:55 UTC 2016 x86_64
        x86_64 x86_64 GNU/Linux"}'
      Accept-Encoding:
      - gzip;q=1.0,deflate;q=0.6,identity;q=0.3
      Accept:
      - "*/*"
  response:
    status:
      code: 200
      message: OK
    headers:
      Cache-Control:
      - no-cache
      Pragma:
      - no-cache
      Content-Type:
      - application/json; charset=utf-8
      Expires:
      - "-1"
      Server:
      - Leetchi
      X-Ratelimit:
      - '163'
      - '164'
      - '164'
      - '164'
      X-Ratelimit-Remaining:
      - '105436'
      - '2137'
      - '4336'
      - '8636'
      X-Ratelimit-Reset:
      - '1474392720'
      - '1474393620'
      - '1474395420'
      - '1474478160'
      Date:
      - Tue, 20 Sep 2016 17:17:51 GMT
      Content-Length:
      - '282'
    body:
      encoding: UTF-8
      string: '{"ExpirationDate":"1016","Alias":"470675XXXXXX0017","CardType":"CB_VISA_MASTERCARD","CardProvider":"VISA","Country":"RUS","Product":"G","BankCode":"unknown","Active":true,"Currency":"EUR","Validity":"UNKNOWN","UserId":"16234892","Id":"16234897","Tag":null,"CreationDate":1474391870}'
    http_version: 
  recorded_at: Tue, 20 Sep 2016 17:17:52 GMT
- request:
    method: post
    uri: https://api.sandbox.mangopay.com/v2.01/qwerteachrails/payins/card/direct
    body:
      encoding: UTF-8
      string: '{"AuthorId":16234892,"CreditedUserId":16234892,"DebitedFunds":{"Currency":"EUR","Amount":8000.0},"Fees":{"Currency":"EUR","Amount":0.0},"CreditedWalletId":"16234893","SecureModeReturnURL":"http://test.com","SecureMode":"FORCE","CardId":"16234897"}'
    headers:
      User-Agent:
      - Ruby
      Authorization:
      - Bearer f8c8004a898f4e7da919032d45bd2313
      Content-Type:
      - application/json
      X-Mangopay-Client-User-Agent:
      - '{"bindings_version":"3.0.21","lang":"ruby","lang_version":"2.2.4 p230 (2015-12-16)","platform":"x86_64-linux","uname":"Linux
        shredder-pc 4.4.0-36-generic #55-Ubuntu SMP Thu Aug 11 18:01:55 UTC 2016 x86_64
        x86_64 x86_64 GNU/Linux"}'
      Accept-Encoding:
      - gzip;q=1.0,deflate;q=0.6,identity;q=0.3
      Accept:
      - "*/*"
  response:
    status:
      code: 200
      message: OK
    headers:
      Cache-Control:
      - no-cache
      Pragma:
      - no-cache
      Content-Type:
      - application/json; charset=utf-8
      Expires:
      - "-1"
      Server:
      - Leetchi
      X-Ratelimit:
      - '164'
      - '165'
      - '165'
      - '165'
      X-Ratelimit-Remaining:
      - '105435'
      - '2136'
      - '4335'
      - '8635'
      X-Ratelimit-Reset:
      - '1474392720'
      - '1474393620'
      - '1474395420'
      - '1474478160'
      Date:
      - Tue, 20 Sep 2016 17:17:53 GMT
      Content-Length:
      - '650'
    body:
      encoding: UTF-8
      string: '{"Id":"16234900","Tag":null,"CreationDate":1474391872,"AuthorId":"16234892","CreditedUserId":"16234892","DebitedFunds":{"Currency":"EUR","Amount":8000},"CreditedFunds":{"Currency":"EUR","Amount":8000},"Fees":{"Currency":"EUR","Amount":0},"Status":"FAILED","ResultCode":"101302","ResultMessage":"Secure
        mode: The card is not enrolled with 3DSecure","ExecutionDate":null,"Type":"PAYIN","Nature":"REGULAR","CreditedWalletId":"16234893","DebitedWalletId":null,"PaymentType":"CARD","ExecutionType":"DIRECT","SecureMode":"FORCE","CardId":"16234897","SecureModeReturnURL":null,"SecureModeRedirectURL":null,"SecureModeNeeded":true,"StatementDescriptor":null}'
    http_version: 
  recorded_at: Tue, 20 Sep 2016 17:17:53 GMT
- request:
    method: post
    uri: https://api.sandbox.mangopay.com/v2.01/qwerteachrails/payins/card/direct
    body:
      encoding: UTF-8
      string: '{"AuthorId":16234892,"CreditedUserId":16234892,"DebitedFunds":{"Currency":"EUR","Amount":8000.0},"Fees":{"Currency":"EUR","Amount":0.0},"CreditedWalletId":"16234893","SecureModeReturnURL":"http://test.com","SecureMode":"DEFAULT","CardId":"16234897"}'
    headers:
      User-Agent:
      - Ruby
      Authorization:
      - Bearer f8c8004a898f4e7da919032d45bd2313
      Content-Type:
      - application/json
      X-Mangopay-Client-User-Agent:
      - '{"bindings_version":"3.0.21","lang":"ruby","lang_version":"2.2.4 p230 (2015-12-16)","platform":"x86_64-linux","uname":"Linux
        shredder-pc 4.4.0-36-generic #55-Ubuntu SMP Thu Aug 11 18:01:55 UTC 2016 x86_64
        x86_64 x86_64 GNU/Linux"}'
      Accept-Encoding:
      - gzip;q=1.0,deflate;q=0.6,identity;q=0.3
      Accept:
      - "*/*"
  response:
    status:
      code: 200
      message: OK
    headers:
      Cache-Control:
      - no-cache
      Pragma:
      - no-cache
      Content-Type:
      - application/json; charset=utf-8
      Expires:
      - "-1"
      Server:
      - Leetchi
      X-Ratelimit:
      - '165'
      - '166'
      - '166'
      - '166'
      X-Ratelimit-Remaining:
      - '105434'
      - '2135'
      - '4334'
      - '8634'
      X-Ratelimit-Reset:
      - '1474392720'
      - '1474393620'
      - '1474395420'
      - '1474478160'
      Date:
      - Tue, 20 Sep 2016 17:17:54 GMT
      Content-Length:
      - '618'
    body:
      encoding: UTF-8
      string: '{"Id":"16234906","Tag":null,"CreationDate":1474391873,"AuthorId":"16234892","CreditedUserId":"16234892","DebitedFunds":{"Currency":"EUR","Amount":8000},"CreditedFunds":{"Currency":"EUR","Amount":8000},"Fees":{"Currency":"EUR","Amount":0},"Status":"SUCCEEDED","ResultCode":"000000","ResultMessage":"Success","ExecutionDate":1474391874,"Type":"PAYIN","Nature":"REGULAR","CreditedWalletId":"16234893","DebitedWalletId":null,"PaymentType":"CARD","ExecutionType":"DIRECT","SecureMode":"DEFAULT","CardId":"16234897","SecureModeReturnURL":null,"SecureModeRedirectURL":null,"SecureModeNeeded":false,"StatementDescriptor":null}'
    http_version: 
  recorded_at: Tue, 20 Sep 2016 17:17:55 GMT
- request:
    method: post
    uri: https://api.sandbox.mangopay.com/v2.01/qwerteachrails/transfers
    body:
      encoding: UTF-8
      string: '{"AuthorId":16234892,"DebitedFunds":{"Currency":"EUR","Amount":5000.0},"Fees":{"Currency":"EUR","Amount":0.0},"DebitedWalletId":"16234893","CreditedWalletId":"16234895"}'
    headers:
      User-Agent:
      - Ruby
      Authorization:
      - Bearer f8c8004a898f4e7da919032d45bd2313
      Content-Type:
      - application/json
      X-Mangopay-Client-User-Agent:
      - '{"bindings_version":"3.0.21","lang":"ruby","lang_version":"2.2.4 p230 (2015-12-16)","platform":"x86_64-linux","uname":"Linux
        shredder-pc 4.4.0-36-generic #55-Ubuntu SMP Thu Aug 11 18:01:55 UTC 2016 x86_64
        x86_64 x86_64 GNU/Linux"}'
      Accept-Encoding:
      - gzip;q=1.0,deflate;q=0.6,identity;q=0.3
      Accept:
      - "*/*"
  response:
    status:
      code: 200
      message: OK
    headers:
      Cache-Control:
      - no-cache
      Pragma:
      - no-cache
      Content-Type:
      - application/json; charset=utf-8
      Expires:
      - "-1"
      Server:
      - Leetchi
      X-Ratelimit:
      - '166'
      - '167'
      - '167'
      - '167'
      X-Ratelimit-Remaining:
      - '105433'
      - '2134'
      - '4333'
      - '8633'
      X-Ratelimit-Reset:
      - '1474392720'
      - '1474393620'
      - '1474395420'
      - '1474478160'
      Date:
      - Tue, 20 Sep 2016 17:17:56 GMT
      Content-Length:
      - '430'
    body:
      encoding: UTF-8
      string: '{"Id":"16234910","Tag":null,"CreationDate":1474391876,"AuthorId":"16234892","CreditedUserId":"16234892","DebitedFunds":{"Currency":"EUR","Amount":5000},"CreditedFunds":{"Currency":"EUR","Amount":5000},"Fees":{"Currency":"EUR","Amount":0},"Status":"SUCCEEDED","ResultCode":"000000","ResultMessage":"Success","ExecutionDate":1474391876,"Type":"TRANSFER","Nature":"REGULAR","DebitedWalletId":"16234893","CreditedWalletId":"16234895"}'
    http_version: 
  recorded_at: Tue, 20 Sep 2016 17:17:56 GMT
- request:
    method: get
    uri: https://api.sandbox.mangopay.com/v2.01/qwerteachrails/users/16234892/wallets
    body:
      encoding: UTF-8
      string: "{}"
    headers:
      User-Agent:
      - Ruby
      Authorization:
      - Bearer f8c8004a898f4e7da919032d45bd2313
      Content-Type:
      - application/json
      X-Mangopay-Client-User-Agent:
      - '{"bindings_version":"3.0.21","lang":"ruby","lang_version":"2.2.4 p230 (2015-12-16)","platform":"x86_64-linux","uname":"Linux
        shredder-pc 4.4.0-36-generic #55-Ubuntu SMP Thu Aug 11 18:01:55 UTC 2016 x86_64
        x86_64 x86_64 GNU/Linux"}'
      Accept-Encoding:
      - gzip;q=1.0,deflate;q=0.6,identity;q=0.3
      Accept:
      - "*/*"
  response:
    status:
      code: 200
      message: OK
    headers:
      Cache-Control:
      - no-cache
      Pragma:
      - no-cache
      Content-Type:
      - application/json; charset=utf-8
      Expires:
      - "-1"
      Server:
      - Leetchi
      Link:
      - <https://api.sandbox.mangopay.com/v2.01/qwerteachrails/users/16234892/wallets?page=1&per_page=10>;
        rel="first",<https://api.sandbox.mangopay.com/v2.01/qwerteachrails/users/16234892/wallets?page=1&per_page=10>;
        rel="last"
      X-Number-Of-Pages:
      - '1'
      X-Number-Of-Items:
      - '3'
      X-Ratelimit:
      - '167'
      - '168'
      - '168'
      - '168'
      X-Ratelimit-Remaining:
      - '105432'
      - '2133'
      - '4332'
      - '8632'
      X-Ratelimit-Reset:
      - '1474392720'
      - '1474393620'
      - '1474395420'
      - '1474478160'
      Date:
      - Tue, 20 Sep 2016 17:17:57 GMT
      Content-Length:
      - '581'
    body:
      encoding: UTF-8
      string: '[{"Description":"wallet user 5","Owners":["16234892"],"Balance":{"Currency":"EUR","Amount":3000},"Currency":"EUR","FundsType":"DEFAULT","Id":"16234893","Tag":null,"CreationDate":1474391867},{"Description":"wallet
        bonus 5","Owners":["16234892"],"Balance":{"Currency":"EUR","Amount":0},"Currency":"EUR","FundsType":"DEFAULT","Id":"16234894","Tag":"Bonus","CreationDate":1474391867},{"Description":"wallet
        transfert 5","Owners":["16234892"],"Balance":{"Currency":"EUR","Amount":5000},"Currency":"EUR","FundsType":"DEFAULT","Id":"16234895","Tag":"Transfert","CreationDate":1474391868}]'
    http_version: 
  recorded_at: Tue, 20 Sep 2016 17:17:57 GMT
recorded_with: VCR 3.0.3
